|2025-09-09 23:35:18| Dataset : water, Model : transformer, Density : 0.700, d_model : 128, reservoir : reservoir_stor_4001_sof24, Seq_Len : 360, Pred_Len : 8, Constraint : False
|2025-09-09 23:35:18| MAE - 4.3119 MSE - 292.8897 RMSE - 17.1140 MAPE - 0.0048 NMAE - 0.0047 NRMSE - 0.0172 Acc_10 - 0.9971 train_time - 2348.2320
|2025-09-10 03:35:49| Dataset : water, Model : transformer, Density : 0.700, d_model : 128, reservoir : reservoir_stor_4005_sof24, Seq_Len : 360, Pred_Len : 8, Constraint : False
|2025-09-10 03:35:49| MAE - 28.7972 MSE - 26808.8755 RMSE - 163.7342 MAPE - 0.0028 NMAE - 0.0028 NRMSE - 0.0148 Acc_10 - 0.9980 train_time - 10612.6349
|2025-09-10 04:41:27| Dataset : water, Model : transformer, Density : 0.700, d_model : 128, reservoir : reservoir_stor_4007_sof24, Seq_Len : 360, Pred_Len : 8, Constraint : False
|2025-09-10 04:41:27| MAE - 32.4041 MSE - 38882.3046 RMSE - 197.1860 MAPE - 0.0040 NMAE - 0.0034 NRMSE - 0.0188 Acc_10 - 0.9964 train_time - 417.5118
|2025-09-10 08:12:19| Dataset : water, Model : transformer, Density : 0.700, d_model : 128, reservoir : reservoir_stor_4009_sof24, Seq_Len : 360, Pred_Len : 8, Constraint : False
|2025-09-10 08:12:19| MAE - 4.5551 MSE - 597.4443 RMSE - 24.4427 MAPE - 0.0030 NMAE - 0.0027 NRMSE - 0.0127 Acc_10 - 0.9981 train_time - 8894.8925
|2025-09-10 14:31:26| Dataset : water, Model : transformer, Density : 0.700, d_model : 128, reservoir : reservoir_stor_4011_sof24, Seq_Len : 360, Pred_Len : 8, Constraint : False
|2025-09-10 14:31:26| MAE - 1.5698 MSE - 35.4355 RMSE - 5.9528 MAPE - 0.0041 NMAE - 0.0038 NRMSE - 0.0143 Acc_10 - 0.9958 train_time - 22121.9151


|2025-09-10 21:30:29| Dataset : water, Model : transformer, Density : 0.700, d_model : 64, reservoir : reservoir_stor_4001_sof24, Seq_Len : 360, Pred_Len : 8, Constraint : False
|2025-09-10 21:30:29| MAE - 4.6386 MSE - 235.0621 RMSE - 15.3317 MAPE - 0.0038 NMAE - 0.0043 NRMSE - 0.0134 Acc_10 - 0.9969 train_time - 185.7483
|2025-09-10 21:37:03| Dataset : water, Model : transformer, Density : 0.700, d_model : 64, reservoir : reservoir_stor_4005_sof24, Seq_Len : 360, Pred_Len : 8, Constraint : False
|2025-09-10 21:37:03| MAE - 33.4207 MSE - 10400.6818 RMSE - 101.9837 MAPE - 0.0027 NMAE - 0.0032 NRMSE - 0.0092 Acc_10 - 0.9995 train_time - 316.3697
|2025-09-10 21:40:04| Dataset : water, Model : transformer, Density : 0.700, d_model : 64, reservoir : reservoir_stor_4007_sof24, Seq_Len : 360, Pred_Len : 8, Constraint : False
|2025-09-10 21:40:04| MAE - 57.8491 MSE - 165626.1758 RMSE - 406.9720 MAPE - 0.0055 NMAE - 0.0053 NRMSE - 0.0338 Acc_10 - 0.9952 train_time - 107.9655
|2025-09-10 21:46:15| Dataset : water, Model : transformer, Density : 0.700, d_model : 64, reservoir : reservoir_stor_4009_sof24, Seq_Len : 360, Pred_Len : 8, Constraint : False
|2025-09-10 21:46:15| MAE - 6.2649 MSE - 558.2056 RMSE - 23.6264 MAPE - 0.0034 NMAE - 0.0037 NRMSE - 0.0120 Acc_10 - 0.9973 train_time - 294.0615
|2025-09-10 21:49:08| Dataset : water, Model : transformer, Density : 0.700, d_model : 64, reservoir : reservoir_stor_4011_sof24, Seq_Len : 360, Pred_Len : 8, Constraint : False
|2025-09-10 21:49:08| MAE - 2.5072 MSE - 54.7884 RMSE - 7.4019 MAPE - 0.0056 NMAE - 0.0055 NRMSE - 0.0161 Acc_10 - 0.9932 train_time - 100.3768


|2025-09-10 21:52:48| Dataset : water, Model : transformer, Density : 0.700, d_model : 64, reservoir : reservoir_stor_4001_sof24, Seq_Len : 360, Pred_Len : 72, Constraint : False
|2025-09-10 21:52:48| MAE - 19.2899 MSE - 4088.1370 RMSE - 63.9385 MAPE - 0.0152 NMAE - 0.0178 NRMSE - 0.0560 Acc_10 - 0.9681 train_time - 135.5936
|2025-09-10 21:59:03| Dataset : water, Model : transformer, Density : 0.700, d_model : 64, reservoir : reservoir_stor_4005_sof24, Seq_Len : 360, Pred_Len : 72, Constraint : False
|2025-09-10 21:59:03| MAE - 157.5255 MSE - 276951.3788 RMSE - 526.2617 MAPE - 0.0115 NMAE - 0.0149 NRMSE - 0.0477 Acc_10 - 0.9784 train_time - 287.1515
|2025-09-10 22:04:39| Dataset : water, Model : transformer, Density : 0.700, d_model : 64, reservoir : reservoir_stor_4007_sof24, Seq_Len : 360, Pred_Len : 72, Constraint : False
|2025-09-10 22:04:39| MAE - 209.7610 MSE - 767897.2947 RMSE - 876.2975 MAPE - 0.0168 NMAE - 0.0194 NRMSE - 0.0729 Acc_10 - 0.9661 train_time - 250.6987
|2025-09-10 22:08:19| Dataset : water, Model : transformer, Density : 0.700, d_model : 64, reservoir : reservoir_stor_4009_sof24, Seq_Len : 360, Pred_Len : 72, Constraint : False
|2025-09-10 22:08:19| MAE - 24.0804 MSE - 7876.0873 RMSE - 88.7473 MAPE - 0.0125 NMAE - 0.0141 NRMSE - 0.0452 Acc_10 - 0.9769 train_time - 135.7037
|2025-09-10 22:11:22| Dataset : water, Model : transformer, Density : 0.700, d_model : 64, reservoir : reservoir_stor_4011_sof24, Seq_Len : 360, Pred_Len : 72, Constraint : False
|2025-09-10 22:11:22| MAE - 9.1690 MSE - 383.5003 RMSE - 19.5832 MAPE - 0.0206 NMAE - 0.0200 NRMSE - 0.0426 Acc_10 - 0.9501 train_time - 98.7005


|2025-09-11 11:31:05| Dataset : water, Model : seasonal_trend_model, Density : 0.700, d_model : 64, reservoir : reservoir_stor_4001_sof24, Seq_Len : 360, Pred_Len : 8
|2025-09-11 11:31:05| MAE - 3.4096 MSE - 141.9778 RMSE - 11.9154 MAPE - 0.0029 NMAE - 0.0031 NRMSE - 0.0104 Acc_10 - 0.9982 train_time - 13.8433
|2025-09-11 11:31:31| Dataset : water, Model : seasonal_trend_model, Density : 0.700, d_model : 64, reservoir : reservoir_stor_4005_sof24, Seq_Len : 360, Pred_Len : 8
|2025-09-11 11:31:31| MAE - 20.3163 MSE - 4590.4751 RMSE - 67.7530 MAPE - 0.0017 NMAE - 0.0019 NRMSE - 0.0061 Acc_10 - 0.9997 train_time - 14.3171
|2025-09-11 11:31:41| Dataset : water, Model : seasonal_trend_model, Density : 0.700, d_model : 64, reservoir : reservoir_stor_4007_sof24, Seq_Len : 360, Pred_Len : 8
|2025-09-11 11:31:41| MAE - 507.4814 MSE - 803526.4775 RMSE - 896.3964 MAPE - 0.0423 NMAE - 0.0468 NRMSE - 0.0745 Acc_10 - 0.9182 train_time - 0.4189
|2025-09-11 11:32:07| Dataset : water, Model : seasonal_trend_model, Density : 0.700, d_model : 64, reservoir : reservoir_stor_4009_sof24, Seq_Len : 360, Pred_Len : 8
|2025-09-11 11:32:07| MAE - 6.6802 MSE - 707.4225 RMSE - 26.5974 MAPE - 0.0037 NMAE - 0.0039 NRMSE - 0.0136 Acc_10 - 0.9962 train_time - 14.9382
|2025-09-11 11:32:33| Dataset : water, Model : seasonal_trend_model, Density : 0.700, d_model : 64, reservoir : reservoir_stor_4011_sof24, Seq_Len : 360, Pred_Len : 8
|2025-09-11 11:32:33| MAE - 1.8177 MSE - 36.0208 RMSE - 6.0017 MAPE - 0.0040 NMAE - 0.0040 NRMSE - 0.0131 Acc_10 - 0.9964 train_time - 15.4835


|2025-09-11 11:33:00| Dataset : water, Model : seasonal_trend_model, Density : 0.700, d_model : 64, reservoir : reservoir_stor_4001_sof24, Seq_Len : 360, Pred_Len : 72
|2025-09-11 11:33:00| MAE - 19.4422 MSE - 3944.8841 RMSE - 62.8083 MAPE - 0.0153 NMAE - 0.0179 NRMSE - 0.0550 Acc_10 - 0.9654 train_time - 16.0120
|2025-09-11 11:33:27| Dataset : water, Model : seasonal_trend_model, Density : 0.700, d_model : 64, reservoir : reservoir_stor_4005_sof24, Seq_Len : 360, Pred_Len : 72
|2025-09-11 11:33:27| MAE - 177.3722 MSE - 334138.9833 RMSE - 578.0476 MAPE - 0.0126 NMAE - 0.0168 NRMSE - 0.0524 Acc_10 - 0.9708 train_time - 15.8139
|2025-09-11 11:33:38| Dataset : water, Model : seasonal_trend_model, Density : 0.700, d_model : 64, reservoir : reservoir_stor_4007_sof24, Seq_Len : 360, Pred_Len : 72
|2025-09-11 11:33:38| MAE - 453.9892 MSE - 1182483.1695 RMSE - 1087.4204 MAPE - 0.0363 NMAE - 0.0419 NRMSE - 0.0905 Acc_10 - 0.9397 train_time - 0.7649
|2025-09-11 11:33:50| Dataset : water, Model : seasonal_trend_model, Density : 0.700, d_model : 64, reservoir : reservoir_stor_4009_sof24, Seq_Len : 360, Pred_Len : 72
|2025-09-11 11:33:50| MAE - 71.7510 MSE - 14313.9696 RMSE - 119.6410 MAPE - 0.0528 NMAE - 0.0419 NRMSE - 0.0610 Acc_10 - 0.8629 train_time - 1.9556
|2025-09-11 11:34:16| Dataset : water, Model : seasonal_trend_model, Density : 0.700, d_model : 64, reservoir : reservoir_stor_4011_sof24, Seq_Len : 360, Pred_Len : 72
|2025-09-11 11:34:16| MAE - 8.8564 MSE - 435.1451 RMSE - 20.8601 MAPE - 0.0199 NMAE - 0.0193 NRMSE - 0.0454 Acc_10 - 0.9500 train_time - 15.1398


|2025-09-11 11:47:36| Dataset : water, Model : transformer_library, Density : 0.700, d_model : 64, reservoir : reservoir_stor_4001_sof24, Seq_Len : 360, Pred_Len : 8
|2025-09-11 11:47:36| MAE - 20.2326 MSE - 813.1985 RMSE - 28.5166 MAPE - 0.0168 NMAE - 0.0186 NRMSE - 0.0249 Acc_10 - 0.9950 train_time - 135.3265
|2025-09-11 11:51:10| Dataset : water, Model : transformer_library, Density : 0.700, d_model : 64, reservoir : reservoir_stor_4005_sof24, Seq_Len : 360, Pred_Len : 8
|2025-09-11 11:51:10| MAE - 91.6025 MSE - 24783.5866 RMSE - 157.4280 MAPE - 0.0080 NMAE - 0.0087 NRMSE - 0.0143 Acc_10 - 0.9977 train_time - 94.7193
|2025-09-11 11:54:08| Dataset : water, Model : transformer_library, Density : 0.700, d_model : 64, reservoir : reservoir_stor_4007_sof24, Seq_Len : 360, Pred_Len : 8
|2025-09-11 11:54:08| MAE - 289.5635 MSE - 355560.1991 RMSE - 596.2887 MAPE - 0.0220 NMAE - 0.0267 NRMSE - 0.0496 Acc_10 - 0.9896 train_time - 55.3482
|2025-09-11 11:56:34| Dataset : water, Model : transformer_library, Density : 0.700, d_model : 64, reservoir : reservoir_stor_4009_sof24, Seq_Len : 360, Pred_Len : 8
|2025-09-11 11:56:34| MAE - 38.6054 MSE - 3396.7631 RMSE - 58.2818 MAPE - 0.0189 NMAE - 0.0225 NRMSE - 0.0297 Acc_10 - 0.9926 train_time - 27.3470
|2025-09-11 12:00:35| Dataset : water, Model : transformer_library, Density : 0.700, d_model : 64, reservoir : reservoir_stor_4011_sof24, Seq_Len : 360, Pred_Len : 8
|2025-09-11 12:00:35| MAE - 8.5603 MSE - 134.5840 RMSE - 11.6010 MAPE - 0.0185 NMAE - 0.0187 NRMSE - 0.0252 Acc_10 - 0.9903 train_time - 121.7175


|2025-09-11 12:03:28| Dataset : water, Model : transformer_library, Density : 0.700, d_model : 64, reservoir : reservoir_stor_4001_sof24, Seq_Len : 360, Pred_Len : 72
|2025-09-11 12:03:28| MAE - 22.2679 MSE - 3725.4828 RMSE - 61.0367 MAPE - 0.0174 NMAE - 0.0205 NRMSE - 0.0535 Acc_10 - 0.9707 train_time - 54.5585
|2025-09-11 12:07:29| Dataset : water, Model : transformer_library, Density : 0.700, d_model : 64, reservoir : reservoir_stor_4005_sof24, Seq_Len : 360, Pred_Len : 72
|2025-09-11 12:07:29| MAE - 185.0474 MSE - 316630.2785 RMSE - 562.6991 MAPE - 0.0144 NMAE - 0.0175 NRMSE - 0.0510 Acc_10 - 0.9771 train_time - 121.5041
|2025-09-11 12:17:36| Dataset : water, Model : transformer_library, Density : 0.700, d_model : 64, reservoir : reservoir_stor_4007_sof24, Seq_Len : 360, Pred_Len : 72
|2025-09-11 12:17:36| MAE - 407.3049 MSE - 921359.6362 RMSE - 959.8748 MAPE - 0.0286 NMAE - 0.0376 NRMSE - 0.0799 Acc_10 - 0.9603 train_time - 484.4098
|2025-09-11 12:23:25| Dataset : water, Model : transformer_library, Density : 0.700, d_model : 64, reservoir : reservoir_stor_4009_sof24, Seq_Len : 360, Pred_Len : 72
|2025-09-11 12:23:25| MAE - 42.5670 MSE - 9604.1031 RMSE - 98.0005 MAPE - 0.0223 NMAE - 0.0249 NRMSE - 0.0500 Acc_10 - 0.9727 train_time - 229.2399
|2025-09-11 12:27:54| Dataset : water, Model : transformer_library, Density : 0.700, d_model : 64, reservoir : reservoir_stor_4011_sof24, Seq_Len : 360, Pred_Len : 72
|2025-09-11 12:27:54| MAE - 13.9001 MSE - 508.6557 RMSE - 22.5534 MAPE - 0.0306 NMAE - 0.0303 NRMSE - 0.0491 Acc_10 - 0.9481 train_time - 148.7366


transformer d_model = 128  patch內 patch间

|2025-09-11 14:59:56| Dataset : water, Model : transformer, Density : 0.700, d_model : 128, reservoir : reservoir_stor_4001_sof24, Seq_Len : 360, Pred_Len : 8, Constraint : False
|2025-09-11 14:59:56| MAE - 4.3772 MSE - 203.1223 RMSE - 14.2521 MAPE - 0.0037 NMAE - 0.0040 NRMSE - 0.0125 Acc_10 - 0.9973 train_time - 131.3919
|2025-09-11 15:02:19| Dataset : water, Model : transformer, Density : 0.700, d_model : 128, reservoir : reservoir_stor_4005_sof24, Seq_Len : 360, Pred_Len : 8, Constraint : False
|2025-09-11 15:02:19| MAE - 32.9805 MSE - 11834.9244 RMSE - 108.7884 MAPE - 0.0027 NMAE - 0.0031 NRMSE - 0.0099 Acc_10 - 0.9990 train_time - 65.4643
|2025-09-11 15:08:46| Dataset : water, Model : transformer, Density : 0.700, d_model : 128, reservoir : reservoir_stor_4007_sof24, Seq_Len : 360, Pred_Len : 8, Constraint : False
|2025-09-11 15:08:46| MAE - 59.8225 MSE - 174293.0326 RMSE - 417.4842 MAPE - 0.0056 NMAE - 0.0055 NRMSE - 0.0347 Acc_10 - 0.9969 train_time - 304.8287
|2025-09-11 15:11:59| Dataset : water, Model : transformer, Density : 0.700, d_model : 128, reservoir : reservoir_stor_4009_sof24, Seq_Len : 360, Pred_Len : 8, Constraint : False
|2025-09-11 15:11:59| MAE - 8.1774 MSE - 692.9941 RMSE - 26.3248 MAPE - 0.0047 NMAE - 0.0048 NRMSE - 0.0134 Acc_10 - 0.9965 train_time - 115.1454
|2025-09-11 15:14:56| Dataset : water, Model : transformer, Density : 0.700, d_model : 128, reservoir : reservoir_stor_4011_sof24, Seq_Len : 360, Pred_Len : 8, Constraint : False
|2025-09-11 15:14:56| MAE - 2.1237 MSE - 41.1933 RMSE - 6.4182 MAPE - 0.0048 NMAE - 0.0046 NRMSE - 0.0140 Acc_10 - 0.9952 train_time - 98.7251


|2025-09-11 15:17:38| Dataset : water, Model : transformer, Density : 0.700, d_model : 128, reservoir : reservoir_stor_4001_sof24, Seq_Len : 360, Pred_Len : 72, Constraint : False
|2025-09-11 15:17:38| MAE - 21.6421 MSE - 4452.8066 RMSE - 66.7294 MAPE - 0.0174 NMAE - 0.0199 NRMSE - 0.0584 Acc_10 - 0.9624 train_time - 70.4434
|2025-09-11 15:21:22| Dataset : water, Model : transformer, Density : 0.700, d_model : 128, reservoir : reservoir_stor_4005_sof24, Seq_Len : 360, Pred_Len : 72, Constraint : False
|2025-09-11 15:21:22| MAE - 171.1498 MSE - 312605.4776 RMSE - 559.1113 MAPE - 0.0126 NMAE - 0.0162 NRMSE - 0.0506 Acc_10 - 0.9709 train_time - 130.4047
|2025-09-11 15:24:44| Dataset : water, Model : transformer, Density : 0.700, d_model : 128, reservoir : reservoir_stor_4007_sof24, Seq_Len : 360, Pred_Len : 72, Constraint : False
|2025-09-11 15:24:44| MAE - 211.8951 MSE - 823558.9411 RMSE - 907.5015 MAPE - 0.0170 NMAE - 0.0196 NRMSE - 0.0755 Acc_10 - 0.9660 train_time - 110.1671
|2025-09-11 15:27:37| Dataset : water, Model : transformer, Density : 0.700, d_model : 128, reservoir : reservoir_stor_4009_sof24, Seq_Len : 360, Pred_Len : 72, Constraint : False
|2025-09-11 15:27:37| MAE - 24.5130 MSE - 8193.1947 RMSE - 90.5163 MAPE - 0.0128 NMAE - 0.0143 NRMSE - 0.0462 Acc_10 - 0.9753 train_time - 80.2370
|2025-09-11 15:36:15| Dataset : water, Model : transformer, Density : 0.700, d_model : 128, reservoir : reservoir_stor_4011_sof24, Seq_Len : 360, Pred_Len : 72, Constraint : False
|2025-09-11 15:36:15| MAE - 9.5865 MSE - 420.7128 RMSE - 20.5113 MAPE - 0.0216 NMAE - 0.0209 NRMSE - 0.0446 Acc_10 - 0.9457 train_time - 460.0769


transformer d_model = 128  patch內 
|2025-09-11 15:47:06| Dataset : water, Model : transformer, Density : 0.700, d_model : 128, reservoir : reservoir_stor_4001_sof24, Seq_Len : 360, Pred_Len : 8, Constraint : False
|2025-09-11 15:47:06| MAE - 4.3956 MSE - 212.8536 RMSE - 14.5895 MAPE - 0.0037 NMAE - 0.0040 NRMSE - 0.0128 Acc_10 - 0.9974 train_time - 187.8677
|2025-09-11 15:53:33| Dataset : water, Model : transformer, Density : 0.700, d_model : 128, reservoir : reservoir_stor_4005_sof24, Seq_Len : 360, Pred_Len : 8, Constraint : False
|2025-09-11 15:53:33| MAE - 30.5673 MSE - 10085.9471 RMSE - 100.4288 MAPE - 0.0025 NMAE - 0.0029 NRMSE - 0.0091 Acc_10 - 0.9991 train_time - 306.4654
|2025-09-11 15:57:58| Dataset : water, Model : transformer, Density : 0.700, d_model : 128, reservoir : reservoir_stor_4007_sof24, Seq_Len : 360, Pred_Len : 8, Constraint : False
|2025-09-11 15:57:58| MAE - 59.7046 MSE - 174174.2763 RMSE - 417.3419 MAPE - 0.0056 NMAE - 0.0055 NRMSE - 0.0347 Acc_10 - 0.9961 train_time - 188.4159
|2025-09-11 16:02:55| Dataset : water, Model : transformer, Density : 0.700, d_model : 128, reservoir : reservoir_stor_4009_sof24, Seq_Len : 360, Pred_Len : 8, Constraint : False
|2025-09-11 16:02:55| MAE - 6.4745 MSE - 596.3826 RMSE - 24.4209 MAPE - 0.0035 NMAE - 0.0038 NRMSE - 0.0124 Acc_10 - 0.9966 train_time - 220.0010
|2025-09-11 16:07:37| Dataset : water, Model : transformer, Density : 0.700, d_model : 128, reservoir : reservoir_stor_4011_sof24, Seq_Len : 360, Pred_Len : 8, Constraint : False
|2025-09-11 16:07:37| MAE - 2.3110 MSE - 44.6994 RMSE - 6.6858 MAPE - 0.0052 NMAE - 0.0050 NRMSE - 0.0145 Acc_10 - 0.9949 train_time - 204.3430


|2025-09-11 16:09:14| Dataset : water, Model : transformer, Density : 0.700, d_model : 128, reservoir : reservoir_stor_4001_sof24, Seq_Len : 360, Pred_Len : 72, Constraint : False
|2025-09-11 16:09:14| MAE - 22.6865 MSE - 4748.7440 RMSE - 68.9111 MAPE - 0.0182 NMAE - 0.0209 NRMSE - 0.0604 Acc_10 - 0.9597 train_time - 9.8254
|2025-09-11 16:12:00| Dataset : water, Model : transformer, Density : 0.700, d_model : 128, reservoir : reservoir_stor_4005_sof24, Seq_Len : 360, Pred_Len : 72, Constraint : False
|2025-09-11 16:12:00| MAE - 192.8481 MSE - 357231.8634 RMSE - 597.6888 MAPE - 0.0143 NMAE - 0.0182 NRMSE - 0.0541 Acc_10 - 0.9693 train_time - 77.1187
|2025-09-11 16:13:47| Dataset : water, Model : transformer, Density : 0.700, d_model : 128, reservoir : reservoir_stor_4007_sof24, Seq_Len : 360, Pred_Len : 72, Constraint : False
|2025-09-11 16:13:47| MAE - 289.6524 MSE - 959818.0180 RMSE - 979.7030 MAPE - 0.0234 NMAE - 0.0268 NRMSE - 0.0815 Acc_10 - 0.9502 train_time - 19.3706
|2025-09-11 16:15:33| Dataset : water, Model : transformer, Density : 0.700, d_model : 128, reservoir : reservoir_stor_4009_sof24, Seq_Len : 360, Pred_Len : 72, Constraint : False
|2025-09-11 16:15:33| MAE - 38.0701 MSE - 10165.5152 RMSE - 100.8242 MAPE - 0.0223 NMAE - 0.0223 NRMSE - 0.0514 Acc_10 - 0.9613 train_time - 19.3344
|2025-09-11 16:19:36| Dataset : water, Model : transformer, Density : 0.700, d_model : 128, reservoir : reservoir_stor_4011_sof24, Seq_Len : 360, Pred_Len : 72, Constraint : False
|2025-09-11 16:19:36| MAE - 9.3448 MSE - 424.9769 RMSE - 20.6150 MAPE - 0.0211 NMAE - 0.0204 NRMSE - 0.0448 Acc_10 - 0.9471 train_time - 153.2280


|2025-09-11 16:59:54| Dataset : water, Model : transformer, Density : 0.700, d_model : 128, reservoir : reservoir_stor_4001_sof24, Seq_Len : 360, Pred_Len : 8, Constraint : False
|2025-09-11 16:59:54| MAE - 4.5713 MSE - 222.0485 RMSE - 14.9013 MAPE - 0.0038 NMAE - 0.0042 NRMSE - 0.0130 Acc_10 - 0.9972 train_time - 166.6670
|2025-09-11 17:03:36| Dataset : water, Model : transformer, Density : 0.700, d_model : 128, reservoir : reservoir_stor_4005_sof24, Seq_Len : 360, Pred_Len : 8, Constraint : False
|2025-09-11 17:03:36| MAE - 31.1956 MSE - 9650.4454 RMSE - 98.2367 MAPE - 0.0025 NMAE - 0.0029 NRMSE - 0.0089 Acc_10 - 0.9993 train_time - 141.8714
|2025-09-11 17:07:00| Dataset : water, Model : transformer, Density : 0.700, d_model : 128, reservoir : reservoir_stor_4007_sof24, Seq_Len : 360, Pred_Len : 8, Constraint : False
|2025-09-11 17:07:00| MAE - 75.5512 MSE - 183270.0383 RMSE - 428.1005 MAPE - 0.0069 NMAE - 0.0070 NRMSE - 0.0356 Acc_10 - 0.9958 train_time - 124.7899
|2025-09-11 17:10:42| Dataset : water, Model : transformer, Density : 0.700, d_model : 128, reservoir : reservoir_stor_4009_sof24, Seq_Len : 360, Pred_Len : 8, Constraint : False
|2025-09-11 17:10:42| MAE - 7.6234 MSE - 601.5127 RMSE - 24.5258 MAPE - 0.0043 NMAE - 0.0045 NRMSE - 0.0125 Acc_10 - 0.9973 train_time - 142.2527
|2025-09-11 17:14:32| Dataset : water, Model : transformer, Density : 0.700, d_model : 128, reservoir : reservoir_stor_4011_sof24, Seq_Len : 360, Pred_Len : 8, Constraint : False
|2025-09-11 17:14:32| MAE - 2.2520 MSE - 43.7246 RMSE - 6.6125 MAPE - 0.0051 NMAE - 0.0049 NRMSE - 0.0144 Acc_10 - 0.9955 train_time - 150.5603


|2025-09-11 17:16:35| Dataset : water, Model : transformer, Density : 0.700, d_model : 128, reservoir : reservoir_stor_4001_sof24, Seq_Len : 360, Pred_Len : 72, Constraint : False
|2025-09-11 17:16:35| MAE - 20.0461 MSE - 4144.8679 RMSE - 64.3806 MAPE - 0.0158 NMAE - 0.0185 NRMSE - 0.0564 Acc_10 - 0.9674 train_time - 30.7178
|2025-09-11 17:20:22| Dataset : water, Model : transformer, Density : 0.700, d_model : 128, reservoir : reservoir_stor_4005_sof24, Seq_Len : 360, Pred_Len : 72, Constraint : False
|2025-09-11 17:20:22| MAE - 155.5267 MSE - 276386.9806 RMSE - 525.7252 MAPE - 0.0114 NMAE - 0.0147 NRMSE - 0.0476 Acc_10 - 0.9763 train_time - 132.5872
|2025-09-11 17:23:58| Dataset : water, Model : transformer, Density : 0.700, d_model : 128, reservoir : reservoir_stor_4007_sof24, Seq_Len : 360, Pred_Len : 72, Constraint : False
|2025-09-11 17:23:58| MAE - 195.2917 MSE - 735800.0149 RMSE - 857.7879 MAPE - 0.0160 NMAE - 0.0180 NRMSE - 0.0714 Acc_10 - 0.9676 train_time - 121.9591
|2025-09-11 17:26:01| Dataset : water, Model : transformer, Density : 0.700, d_model : 128, reservoir : reservoir_stor_4009_sof24, Seq_Len : 360, Pred_Len : 72, Constraint : False
|2025-09-11 17:26:01| MAE - 22.8303 MSE - 7860.2978 RMSE - 88.6583 MAPE - 0.0121 NMAE - 0.0133 NRMSE - 0.0452 Acc_10 - 0.9763 train_time - 30.7292
|2025-09-11 17:30:18| Dataset : water, Model : transformer, Density : 0.700, d_model : 128, reservoir : reservoir_stor_4011_sof24, Seq_Len : 360, Pred_Len : 72, Constraint : False
|2025-09-11 17:30:18| MAE - 9.3387 MSE - 432.9807 RMSE - 20.8082 MAPE - 0.0210 NMAE - 0.0204 NRMSE - 0.0453 Acc_10 - 0.9488 train_time - 162.0465


|2025-09-12 11:01:02| Dataset : water, Model : transformer, Density : 0.700, d_model : 64, reservoir : reservoir_stor_4001_sof24, Seq_Len : 360, Pred_Len : 8, Constraint : False
|2025-09-12 11:01:02| MAE - 4.9195 MSE - 223.6288 RMSE - 14.9542 MAPE - 0.0041 NMAE - 0.0045 NRMSE - 0.0131 Acc_10 - 0.9973 train_time - 203.8612
|2025-09-12 11:15:53| Dataset : water, Model : transformer, Density : 0.700, d_model : 64, reservoir : reservoir_stor_4001_sof24, Seq_Len : 360, Pred_Len : 8, Constraint : False
|2025-09-12 11:15:53| MAE - 5.5449 MSE - 244.0465 RMSE - 15.6220 MAPE - 0.0047 NMAE - 0.0051 NRMSE - 0.0137 Acc_10 - 0.9973 train_time - 115.2864
|2025-09-12 11:32:33| Dataset : water, Model : transformer, Density : 0.700, d_model : 64, reservoir : reservoir_stor_4001_sof24, Seq_Len : 360, Pred_Len : 8, Constraint : False
|2025-09-12 11:32:33| MAE - 6.1240 MSE - 256.0353 RMSE - 16.0011 MAPE - 0.0053 NMAE - 0.0056 NRMSE - 0.0140 Acc_10 - 0.9973 train_time - 81.8830
|2025-09-12 11:59:56| Dataset : water, Model : transformer, Density : 0.700, d_model : 64, reservoir : reservoir_stor_4001_sof24, Seq_Len : 360, Pred_Len : 8, Constraint : False
|2025-09-12 11:59:56| MAE - 5.1105 MSE - 244.6907 RMSE - 15.6426 MAPE - 0.0043 NMAE - 0.0047 NRMSE - 0.0137 Acc_10 - 0.9973 train_time - 132.1955
|2025-09-12 14:42:35| Dataset : water, Model : transformer, Density : 0.700, d_model : 64, reservoir : reservoir_stor_4001_sof24, Seq_Len : 360, Pred_Len : 8, Constraint : False
|2025-09-12 14:42:35| MAE - 5.0026 MSE - 234.7866 RMSE - 15.3227 MAPE - 0.0042 NMAE - 0.0046 NRMSE - 0.0134 Acc_10 - 0.9973 train_time - 114.2701


|2025-09-12 19:49:01| Dataset : water, Model : patch_extreme_memory_transformer, Density : 0.700, d_model : 64, reservoir : reservoir_stor_4001_sof24, Seq_Len : 360, Pred_Len : 8, Constraint : False
|2025-09-12 19:49:01| MAE - 4.5280 MSE - 203.9420 RMSE - 14.2808 MAPE - 0.0038 NMAE - 0.0042 NRMSE - 0.0125 Acc_10 - 0.9975 train_time - 173.8338



|2025-09-12 20:02:07| Dataset : water, Model : patch_extreme_memory_transformer, Density : 0.700, d_model : 128, reservoir : reservoir_stor_4001_sof24, Seq_Len : 360, Pred_Len : 8, Constraint : False
|2025-09-12 20:02:07| MAE - 4.3396 MSE - 199.5384 RMSE - 14.1258 MAPE - 0.0037 NMAE - 0.0040 NRMSE - 0.0124 Acc_10 - 0.9973 train_time - 282.3053
|2025-09-12 20:10:38| Dataset : water, Model : patch_extreme_memory_transformer, Density : 0.700, d_model : 128, reservoir : reservoir_stor_4005_sof24, Seq_Len : 360, Pred_Len : 8, Constraint : False
|2025-09-12 20:10:38| MAE - 27.2749 MSE - 7726.9276 RMSE - 87.9029 MAPE - 0.0023 NMAE - 0.0026 NRMSE - 0.0080 Acc_10 - 0.9994 train_time - 396.6891
|2025-09-12 20:15:43| Dataset : water, Model : patch_extreme_memory_transformer, Density : 0.700, d_model : 128, reservoir : reservoir_stor_4007_sof24, Seq_Len : 360, Pred_Len : 8, Constraint : False
|2025-09-12 20:15:43| MAE - 53.9387 MSE - 175221.5337 RMSE - 418.5947 MAPE - 0.0052 NMAE - 0.0050 NRMSE - 0.0348 Acc_10 - 0.9963 train_time - 193.9138
|2025-09-12 20:23:29| Dataset : water, Model : patch_extreme_memory_transformer, Density : 0.700, d_model : 128, reservoir : reservoir_stor_4009_sof24, Seq_Len : 360, Pred_Len : 8, Constraint : False
|2025-09-12 20:23:29| MAE - 5.3412 MSE - 456.7094 RMSE - 21.3708 MAPE - 0.0030 NMAE - 0.0031 NRMSE - 0.0109 Acc_10 - 0.9975 train_time - 350.9831



|2025-09-12 22:20:11| Dataset : water, Model : patch_extreme_memory_transformer, Density : 0.700, d_model : 128, reservoir : reservoir_stor_4001_sof24, Seq_Len : 360, Pred_Len : 8, Constraint : False
|2025-09-12 22:20:11| MAE - 6.1275 MSE - 282.3736 RMSE - 16.8040 MAPE - 0.0053 NMAE - 0.0056 NRMSE - 0.0147 Acc_10 - 0.9967 train_time - 79.9558
|2025-09-12 22:23:03| Dataset : water, Model : patch_extreme_memory_transformer, Density : 0.700, d_model : 128, reservoir : reservoir_stor_4005_sof24, Seq_Len : 360, Pred_Len : 8, Constraint : False
|2025-09-12 22:23:03| MAE - 37.8389 MSE - 13580.4641 RMSE - 116.5352 MAPE - 0.0030 NMAE - 0.0036 NRMSE - 0.0106 Acc_10 - 0.9987 train_time - 32.2022
|2025-09-12 22:33:24| Dataset : water, Model : patch_extreme_memory_transformer, Density : 0.700, d_model : 128, reservoir : reservoir_stor_4007_sof24, Seq_Len : 360, Pred_Len : 8, Constraint : False
|2025-09-12 22:33:24| MAE - 45.7984 MSE - 167948.4516 RMSE - 409.8151 MAPE - 0.0045 NMAE - 0.0042 NRMSE - 0.0341 Acc_10 - 0.9974 train_time - 476.4143
|2025-09-12 22:39:46| Dataset : water, Model : patch_extreme_memory_transformer, Density : 0.700, d_model : 128, reservoir : reservoir_stor_4009_sof24, Seq_Len : 360, Pred_Len : 8, Constraint : False
|2025-09-12 22:39:46| MAE - 6.6943 MSE - 485.8846 RMSE - 22.0428 MAPE - 0.0039 NMAE - 0.0039 NRMSE - 0.0112 Acc_10 - 0.9978 train_time - 239.5848
|2025-09-12 22:49:22| Dataset : water, Model : patch_extreme_memory_transformer, Density : 0.700, d_model : 128, reservoir : reservoir_stor_4011_sof24, Seq_Len : 360, Pred_Len : 8, Constraint : False
|2025-09-12 22:49:22| MAE - 2.2866 MSE - 47.6779 RMSE - 6.9049 MAPE - 0.0052 NMAE - 0.0050 NRMSE - 0.0150 Acc_10 - 0.9949 train_time - 430.9390


|2025-09-12 22:52:56| Dataset : water, Model : patch_extreme_memory_transformer, Density : 0.700, d_model : 128, reservoir : reservoir_stor_4001_sof24, Seq_Len : 360, Pred_Len : 72, Constraint : False
|2025-09-12 22:52:56| MAE - 21.6303 MSE - 4056.2693 RMSE - 63.6888 MAPE - 0.0174 NMAE - 0.0199 NRMSE - 0.0558 Acc_10 - 0.9655 train_time - 40.2935
|2025-09-12 22:56:09| Dataset : water, Model : patch_extreme_memory_transformer, Density : 0.700, d_model : 128, reservoir : reservoir_stor_4005_sof24, Seq_Len : 360, Pred_Len : 72, Constraint : False
|2025-09-12 22:56:09| MAE - 161.6034 MSE - 301677.2551 RMSE - 549.2515 MAPE - 0.0119 NMAE - 0.0153 NRMSE - 0.0497 Acc_10 - 0.9760 train_time - 20.3232
|2025-09-12 23:05:07| Dataset : water, Model : patch_extreme_memory_transformer, Density : 0.700, d_model : 128, reservoir : reservoir_stor_4007_sof24, Seq_Len : 360, Pred_Len : 72, Constraint : False
|2025-09-12 23:05:07| MAE - 195.2689 MSE - 771384.0339 RMSE - 878.2847 MAPE - 0.0158 NMAE - 0.0180 NRMSE - 0.0731 Acc_10 - 0.9695 train_time - 361.1403
|2025-09-12 23:08:21| Dataset : water, Model : patch_extreme_memory_transformer, Density : 0.700, d_model : 128, reservoir : reservoir_stor_4009_sof24, Seq_Len : 360, Pred_Len : 72, Constraint : False
|2025-09-12 23:08:21| MAE - 23.9574 MSE - 8193.0561 RMSE - 90.5155 MAPE - 0.0125 NMAE - 0.0140 NRMSE - 0.0462 Acc_10 - 0.9773 train_time - 20.4033
|2025-09-12 23:15:58| Dataset : water, Model : patch_extreme_memory_transformer, Density : 0.700, d_model : 128, reservoir : reservoir_stor_4011_sof24, Seq_Len : 360, Pred_Len : 72, Constraint : False
|2025-09-12 23:15:58| MAE - 9.2281 MSE - 416.6626 RMSE - 20.4123 MAPE - 0.0208 NMAE - 0.0201 NRMSE - 0.0444 Acc_10 - 0.9494 train_time - 280.8788
|2025-09-13 15:40:31| Dataset : water, Model : patch_extreme_memory_transformer, Density : 0.700, d_model : 64, reservoir : reservoir_stor_4001_sof24, Seq_Len : 360, Pred_Len : 8, Constraint : False
|2025-09-13 15:40:31| MAE - 4.7035 MSE - 223.5366 RMSE - 14.9511 MAPE - 0.0040 NMAE - 0.0043 NRMSE - 0.0131 Acc_10 - 0.9971 train_time - 306.1456
|2025-09-13 16:01:58| Dataset : water, Model : patch_extreme_memory_transformer, Density : 0.700, d_model : 64, reservoir : reservoir_stor_4001_sof24, Seq_Len : 360, Pred_Len : 8, Constraint : False
|2025-09-13 16:01:58| MAE - 4.4391 MSE - 215.3561 RMSE - 14.6750 MAPE - 0.0037 NMAE - 0.0041 NRMSE - 0.0128 Acc_10 - 0.9974 train_time - 191.8305
|2025-09-13 16:39:59| Dataset : water, Model : patch_extreme_memory_transformer, Density : 0.700, d_model : 64, reservoir : reservoir_stor_4001_sof24, Seq_Len : 360, Pred_Len : 8, Constraint : False
|2025-09-13 16:39:59| MAE - 4.8678 MSE - 227.0476 RMSE - 15.0681 MAPE - 0.0041 NMAE - 0.0045 NRMSE - 0.0132 Acc_10 - 0.9976 train_time - 75.3906
|2025-09-13 16:42:26| Dataset : water, Model : patch_extreme_memory_transformer, Density : 0.700, d_model : 64, reservoir : reservoir_stor_4001_sof24, Seq_Len : 360, Pred_Len : 8, Constraint : False
|2025-09-13 16:42:26| MAE - 5.0515 MSE - 219.9326 RMSE - 14.8301 MAPE - 0.0043 NMAE - 0.0046 NRMSE - 0.0130 Acc_10 - 0.9978 train_time - 54.1404
|2025-09-13 16:53:14| Dataset : water, Model : patch_extreme_memory_transformer, Density : 0.700, d_model : 64, reservoir : reservoir_stor_4001_sof24, Seq_Len : 360, Pred_Len : 8, Constraint : False
|2025-09-13 16:53:14| MAE - 5.0515 MSE - 219.9326 RMSE - 14.8301 MAPE - 0.0043 NMAE - 0.0046 NRMSE - 0.0130 Acc_10 - 0.9978 train_time - 53.9776
|2025-09-13 17:02:23| Dataset : water, Model : patch_extreme_memory_transformer, Density : 0.700, d_model : 64, reservoir : reservoir_stor_4001_sof24, Seq_Len : 360, Pred_Len : 8, Constraint : False
|2025-09-13 17:02:23| MAE - 5.0515 MSE - 219.9326 RMSE - 14.8301 MAPE - 0.0043 NMAE - 0.0046 NRMSE - 0.0130 Acc_10 - 0.9978 train_time - 53.8580
|2025-09-13 17:41:48| Dataset : water, Model : patch_extreme_memory_transformer, Density : 0.700, d_model : 64, reservoir : reservoir_stor_4001_sof24, Seq_Len : 360, Pred_Len : 8, Constraint : False
|2025-09-13 17:41:48| MAE - 4.0449 MSE - 185.7545 RMSE - 13.6292 MAPE - 0.0034 NMAE - 0.0037 NRMSE - 0.0119 Acc_10 - 0.9979 train_time - 84.0541
|2025-09-13 17:45:41| Dataset : water, Model : patch_extreme_memory_transformer, Density : 0.700, d_model : 64, reservoir : reservoir_stor_4001_sof24, Seq_Len : 360, Pred_Len : 8, Constraint : False
|2025-09-13 17:45:41| MAE - 4.0449 MSE - 185.7545 RMSE - 13.6292 MAPE - 0.0034 NMAE - 0.0037 NRMSE - 0.0119 Acc_10 - 0.9979 train_time - 83.7544
|2025-09-13 18:13:41| Dataset : water, Model : patch_extreme_memory_transformer, Density : 0.700, d_model : 64, reservoir : reservoir_stor_4001_sof24, Seq_Len : 360, Pred_Len : 8, Constraint : False
|2025-09-13 18:13:41| MAE - 4.0449 MSE - 185.7545 RMSE - 13.6292 MAPE - 0.0034 NMAE - 0.0037 NRMSE - 0.0119 Acc_10 - 0.9979 train_time - 83.6063
|2025-09-13 18:17:45| Dataset : water, Model : patch_extreme_memory_transformer, Density : 0.700, d_model : 64, reservoir : reservoir_stor_4001_sof24, Seq_Len : 360, Pred_Len : 8, Constraint : False
|2025-09-13 18:17:45| MAE - 4.0449 MSE - 185.7545 RMSE - 13.6292 MAPE - 0.0034 NMAE - 0.0037 NRMSE - 0.0119 Acc_10 - 0.9979 train_time - 84.1765
|2025-09-13 18:21:20| Dataset : water, Model : patch_extreme_memory_transformer, Density : 0.700, d_model : 64, reservoir : reservoir_stor_4001_sof24, Seq_Len : 360, Pred_Len : 8, Constraint : False
|2025-09-13 18:21:20| MAE - 4.0449 MSE - 185.7545 RMSE - 13.6292 MAPE - 0.0034 NMAE - 0.0037 NRMSE - 0.0119 Acc_10 - 0.9979 train_time - 84.0348


epoch = 200 , d_model = 128

|2025-09-13 18:50:10| Dataset : water, Model : patch_extreme_memory_transformer, Density : 0.700, d_model : 128, reservoir : reservoir_stor_4001_sof24, Seq_Len : 360, Pred_Len : 8, Constraint : False
|2025-09-13 18:50:10| MAE - 3.6285 MSE - 158.0114 RMSE - 12.5703 MAPE - 0.0031 NMAE - 0.0033 NRMSE - 0.0110 Acc_10 - 0.9980 train_time - 713.5114
|2025-09-13 18:57:07| Dataset : water, Model : patch_extreme_memory_transformer, Density : 0.700, d_model : 128, reservoir : reservoir_stor_4005_sof24, Seq_Len : 360, Pred_Len : 8, Constraint : False
|2025-09-13 18:57:07| MAE - 26.3969 MSE - 7261.5659 RMSE - 85.2148 MAPE - 0.0021 NMAE - 0.0025 NRMSE - 0.0077 Acc_10 - 0.9995 train_time - 128.4231
|2025-09-13 19:06:57| Dataset : water, Model : patch_extreme_memory_transformer, Density : 0.700, d_model : 128, reservoir : reservoir_stor_4007_sof24, Seq_Len : 360, Pred_Len : 8, Constraint : False
|2025-09-13 19:06:57| MAE - 47.2420 MSE - 171358.6608 RMSE - 413.9549 MAPE - 0.0045 NMAE - 0.0044 NRMSE - 0.0344 Acc_10 - 0.9971 train_time - 296.5040
|2025-09-13 19:14:56| Dataset : water, Model : patch_extreme_memory_transformer, Density : 0.700, d_model : 128, reservoir : reservoir_stor_4009_sof24, Seq_Len : 360, Pred_Len : 8, Constraint : False
|2025-09-13 19:14:56| MAE - 5.0048 MSE - 365.8978 RMSE - 19.1285 MAPE - 0.0027 NMAE - 0.0029 NRMSE - 0.0097 Acc_10 - 0.9980 train_time - 188.4648
|2025-09-13 19:26:59| Dataset : water, Model : patch_extreme_memory_transformer, Density : 0.700, d_model : 128, reservoir : reservoir_stor_4011_sof24, Seq_Len : 360, Pred_Len : 8, Constraint : False
|2025-09-13 19:26:59| MAE - 2.2452 MSE - 39.4349 RMSE - 6.2797 MAPE - 0.0050 NMAE - 0.0049 NRMSE - 0.0137 Acc_10 - 0.9960 train_time - 424.8204


|2025-09-13 19:35:23| Dataset : water, Model : patch_extreme_memory_transformer, Density : 0.700, d_model : 128, reservoir : reservoir_stor_4001_sof24, Seq_Len : 360, Pred_Len : 72, Constraint : False
|2025-09-13 19:35:23| MAE - 18.1351 MSE - 3733.7215 RMSE - 61.1042 MAPE - 0.0142 NMAE - 0.0167 NRMSE - 0.0535 Acc_10 - 0.9712 train_time - 149.3683
|2025-09-13 19:52:17| Dataset : water, Model : patch_extreme_memory_transformer, Density : 0.700, d_model : 128, reservoir : reservoir_stor_4005_sof24, Seq_Len : 360, Pred_Len : 72, Constraint : False
|2025-09-13 19:52:17| MAE - 138.5456 MSE - 251828.1362 RMSE - 501.8248 MAPE - 0.0103 NMAE - 0.0131 NRMSE - 0.0455 Acc_10 - 0.9791 train_time - 647.6202
|2025-09-13 20:01:24| Dataset : water, Model : patch_extreme_memory_transformer, Density : 0.700, d_model : 128, reservoir : reservoir_stor_4007_sof24, Seq_Len : 360, Pred_Len : 72, Constraint : False
|2025-09-13 20:01:24| MAE - 187.7334 MSE - 837786.3813 RMSE - 915.3067 MAPE - 0.0152 NMAE - 0.0173 NRMSE - 0.0762 Acc_10 - 0.9709 train_time - 191.2041
|2025-09-13 20:07:24| Dataset : water, Model : patch_extreme_memory_transformer, Density : 0.700, d_model : 128, reservoir : reservoir_stor_4009_sof24, Seq_Len : 360, Pred_Len : 72, Constraint : False
|2025-09-13 20:07:24| MAE - 24.2386 MSE - 8646.8892 RMSE - 92.9887 MAPE - 0.0125 NMAE - 0.0142 NRMSE - 0.0474 Acc_10 - 0.9763 train_time - 8.7940
|2025-09-13 20:24:52| Dataset : water, Model : patch_extreme_memory_transformer, Density : 0.700, d_model : 128, reservoir : reservoir_stor_4011_sof24, Seq_Len : 360, Pred_Len : 72, Constraint : False
|2025-09-13 20:24:52| MAE - 9.5609 MSE - 474.4813 RMSE - 21.7826 MAPE - 0.0215 NMAE - 0.0208 NRMSE - 0.0474 Acc_10 - 0.9442 train_time - 681.3217


epoch = 200 , d_model = 128 记忆库 True
|2025-09-15 00:55:33| Dataset : water, Model : patch_extreme_memory_transformer, Density : 0.700, d_model : 128, reservoir : reservoir_stor_4001_sof24, Seq_Len : 360, Pred_Len : 8
|2025-09-15 00:55:33| MAE - 4.4772 MSE - 197.3923 RMSE - 14.0496 MAPE - 0.0037 NMAE - 0.0041 NRMSE - 0.0123 Acc_10 - 0.9979 train_time - 80.9938
|2025-09-15 01:04:36| Dataset : water, Model : patch_extreme_memory_transformer, Density : 0.700, d_model : 128, reservoir : reservoir_stor_4005_sof24, Seq_Len : 360, Pred_Len : 8
|2025-09-15 01:04:36| MAE - 29.6890 MSE - 8670.1635 RMSE - 93.1137 MAPE - 0.0024 NMAE - 0.0028 NRMSE - 0.0084 Acc_10 - 0.9994 train_time - 120.8509
|2025-09-15 01:18:06| Dataset : water, Model : patch_extreme_memory_transformer, Density : 0.700, d_model : 128, reservoir : reservoir_stor_4007_sof24, Seq_Len : 360, Pred_Len : 8
|2025-09-15 01:18:06| MAE - 53.1247 MSE - 172665.1924 RMSE - 415.5300 MAPE - 0.0050 NMAE - 0.0049 NRMSE - 0.0346 Acc_10 - 0.9962 train_time - 382.6965
|2025-09-15 01:34:54| Dataset : water, Model : patch_extreme_memory_transformer, Density : 0.700, d_model : 128, reservoir : reservoir_stor_4009_sof24, Seq_Len : 360, Pred_Len : 8
|2025-09-15 01:34:54| MAE - 6.1060 MSE - 391.3607 RMSE - 19.7828 MAPE - 0.0034 NMAE - 0.0036 NRMSE - 0.0101 Acc_10 - 0.9980 train_time - 576.5383
|2025-09-15 01:56:13| Dataset : water, Model : patch_extreme_memory_transformer, Density : 0.700, d_model : 128, reservoir : reservoir_stor_4011_sof24, Seq_Len : 360, Pred_Len : 8
|2025-09-15 01:56:13| MAE - 1.9857 MSE - 36.1977 RMSE - 6.0164 MAPE - 0.0044 NMAE - 0.0043 NRMSE - 0.0131 Acc_10 - 0.9965 train_time - 837.2837


|2025-09-15 02:05:07| Dataset : water, Model : patch_extreme_memory_transformer, Density : 0.700, d_model : 128, reservoir : reservoir_stor_4001_sof24, Seq_Len : 360, Pred_Len : 72
|2025-09-15 02:05:07| MAE - 18.3162 MSE - 3701.9200 RMSE - 60.8434 MAPE - 0.0144 NMAE - 0.0169 NRMSE - 0.0533 Acc_10 - 0.9726 train_time - 24.7535
|2025-09-15 02:17:05| Dataset : water, Model : patch_extreme_memory_transformer, Density : 0.700, d_model : 128, reservoir : reservoir_stor_4005_sof24, Seq_Len : 360, Pred_Len : 72
|2025-09-15 02:17:05| MAE - 153.1446 MSE - 273966.4370 RMSE - 523.4180 MAPE - 0.0112 NMAE - 0.0145 NRMSE - 0.0474 Acc_10 - 0.9760 train_time - 207.1170
|2025-09-15 02:27:35| Dataset : water, Model : patch_extreme_memory_transformer, Density : 0.700, d_model : 128, reservoir : reservoir_stor_4007_sof24, Seq_Len : 360, Pred_Len : 72
|2025-09-15 02:27:35| MAE - 201.2043 MSE - 864867.9164 RMSE - 929.9828 MAPE - 0.0162 NMAE - 0.0186 NRMSE - 0.0774 Acc_10 - 0.9694 train_time - 121.6709
|2025-09-15 02:36:15| Dataset : water, Model : patch_extreme_memory_transformer, Density : 0.700, d_model : 128, reservoir : reservoir_stor_4009_sof24, Seq_Len : 360, Pred_Len : 72
|2025-09-15 02:36:15| MAE - 24.4755 MSE - 8699.5474 RMSE - 93.2714 MAPE - 0.0125 NMAE - 0.0143 NRMSE - 0.0476 Acc_10 - 0.9760 train_time - 12.6725
|2025-09-15 02:49:32| Dataset : water, Model : patch_extreme_memory_transformer, Density : 0.700, d_model : 128, reservoir : reservoir_stor_4011_sof24, Seq_Len : 360, Pred_Len : 72
|2025-09-15 02:49:32| MAE - 9.5393 MSE - 480.1434 RMSE - 21.9122 MAPE - 0.0215 NMAE - 0.0208 NRMSE - 0.0477 Acc_10 - 0.9450 train_time - 281.9433




|2025-09-15 22:37:33| Dataset : water, Model : patch_extreme_memory_transformer, Density : 0.700, d_model : 128, reservoir : reservoir_stor_4001_sof24, Seq_Len : 360, Pred_Len : 8
|2025-09-15 22:37:33| MAE - 3.9453 MSE - 175.9104 RMSE - 13.2631 MAPE - 0.0033 NMAE - 0.0036 NRMSE - 0.0116 Acc_10 - 0.9978 train_time - 960.3542
|2025-09-15 23:06:55| Dataset : water, Model : patch_extreme_memory_transformer, Density : 0.700, d_model : 128, reservoir : reservoir_stor_4005_sof24, Seq_Len : 360, Pred_Len : 8
|2025-09-15 23:06:55| MAE - 19.0028 MSE - 4842.9646 RMSE - 69.5914 MAPE - 0.0016 NMAE - 0.0018 NRMSE - 0.0063 Acc_10 - 0.9997 train_time - 1274.4691
|2025-09-15 23:41:50| Dataset : water, Model : patch_extreme_memory_transformer, Density : 0.700, d_model : 128, reservoir : reservoir_stor_4007_sof24, Seq_Len : 360, Pred_Len : 8
|2025-09-15 23:41:50| MAE - 36.6456 MSE - 167818.3882 RMSE - 409.6564 MAPE - 0.0038 NMAE - 0.0034 NRMSE - 0.0341 Acc_10 - 0.9971 train_time - 1599.1934
|2025-09-16 00:07:17| Dataset : water, Model : patch_extreme_memory_transformer, Density : 0.700, d_model : 128, reservoir : reservoir_stor_4009_sof24, Seq_Len : 360, Pred_Len : 8
|2025-09-16 00:07:17| MAE - 3.6015 MSE - 237.9725 RMSE - 15.4264 MAPE - 0.0021 NMAE - 0.0021 NRMSE - 0.0079 Acc_10 - 0.9984 train_time - 1041.5205
|2025-09-16 00:40:48| Dataset : water, Model : patch_extreme_memory_transformer, Density : 0.700, d_model : 128, reservoir : reservoir_stor_4011_sof24, Seq_Len : 360, Pred_Len : 8
|2025-09-16 00:40:48| MAE - 2.0752 MSE - 39.1985 RMSE - 6.2609 MAPE - 0.0047 NMAE - 0.0045 NRMSE - 0.0136 Acc_10 - 0.9959 train_time - 1511.5059


|2025-09-16 00:55:13| Dataset : water, Model : patch_extreme_memory_transformer, Density : 0.700, d_model : 128, reservoir : reservoir_stor_4001_sof24, Seq_Len : 360, Pred_Len : 72
|2025-09-16 00:55:13| MAE - 18.4466 MSE - 3713.4467 RMSE - 60.9381 MAPE - 0.0145 NMAE - 0.0170 NRMSE - 0.0534 Acc_10 - 0.9689 train_time - 305.6565
|2025-09-16 01:14:06| Dataset : water, Model : patch_extreme_memory_transformer, Density : 0.700, d_model : 128, reservoir : reservoir_stor_4005_sof24, Seq_Len : 360, Pred_Len : 72
|2025-09-16 01:14:06| MAE - 149.8726 MSE - 268327.3964 RMSE - 518.0033 MAPE - 0.0109 NMAE - 0.0142 NRMSE - 0.0469 Acc_10 - 0.9765 train_time - 569.6253
|2025-09-16 01:25:07| Dataset : water, Model : patch_extreme_memory_transformer, Density : 0.700, d_model : 128, reservoir : reservoir_stor_4007_sof24, Seq_Len : 360, Pred_Len : 72
|2025-09-16 01:25:07| MAE - 202.9983 MSE - 857755.9781 RMSE - 926.1512 MAPE - 0.0163 NMAE - 0.0187 NRMSE - 0.0771 Acc_10 - 0.9679 train_time - 105.9533
|2025-09-16 01:34:36| Dataset : water, Model : patch_extreme_memory_transformer, Density : 0.700, d_model : 128, reservoir : reservoir_stor_4009_sof24, Seq_Len : 360, Pred_Len : 72
|2025-09-16 01:34:36| MAE - 23.3089 MSE - 8064.0112 RMSE - 89.7998 MAPE - 0.0121 NMAE - 0.0136 NRMSE - 0.0458 Acc_10 - 0.9761 train_time - 13.7138
|2025-09-16 01:51:10| Dataset : water, Model : patch_extreme_memory_transformer, Density : 0.700, d_model : 128, reservoir : reservoir_stor_4011_sof24, Seq_Len : 360, Pred_Len : 72
|2025-09-16 01:51:10| MAE - 9.0464 MSE - 428.7630 RMSE - 20.7066 MAPE - 0.0203 NMAE - 0.0197 NRMSE - 0.0450 Acc_10 - 0.9490 train_time - 429.3267


memory = False

|2025-09-16 14:42:52| Dataset : water, Model : patch_extreme_memory_transformer, Density : 0.700, d_model : 128, reservoir : reservoir_stor_4001_sof24, Seq_Len : 360, Pred_Len : 8
|2025-09-16 14:42:52| MAE - 3.8621 MSE - 172.3114 RMSE - 13.1267 MAPE - 0.0032 NMAE - 0.0036 NRMSE - 0.0115 Acc_10 - 0.9979 train_time - 333.9588
|2025-09-16 15:09:40| Dataset : water, Model : patch_extreme_memory_transformer, Density : 0.700, d_model : 128, reservoir : reservoir_stor_4005_sof24, Seq_Len : 360, Pred_Len : 8
|2025-09-16 15:09:40| MAE - 18.9092 MSE - 4798.5649 RMSE - 69.2717 MAPE - 0.0016 NMAE - 0.0018 NRMSE - 0.0063 Acc_10 - 0.9997 train_time - 1257.6992
|2025-09-16 15:33:33| Dataset : water, Model : patch_extreme_memory_transformer, Density : 0.700, d_model : 128, reservoir : reservoir_stor_4007_sof24, Seq_Len : 360, Pred_Len : 8
|2025-09-16 15:33:33| MAE - 36.4833 MSE - 169151.4207 RMSE - 411.2802 MAPE - 0.0037 NMAE - 0.0034 NRMSE - 0.0342 Acc_10 - 0.9972 train_time - 1087.6088
|2025-09-16 15:51:08| Dataset : water, Model : patch_extreme_memory_transformer, Density : 0.700, d_model : 128, reservoir : reservoir_stor_4009_sof24, Seq_Len : 360, Pred_Len : 8
|2025-09-16 15:51:08| MAE - 3.6284 MSE - 245.6047 RMSE - 15.6718 MAPE - 0.0021 NMAE - 0.0021 NRMSE - 0.0080 Acc_10 - 0.9983 train_time - 717.4585
|2025-09-16 16:13:04| Dataset : water, Model : patch_extreme_memory_transformer, Density : 0.700, d_model : 128, reservoir : reservoir_stor_4011_sof24, Seq_Len : 360, Pred_Len : 8
|2025-09-16 16:13:04| MAE - 2.1173 MSE - 42.9926 RMSE - 6.5569 MAPE - 0.0048 NMAE - 0.0046 NRMSE - 0.0143 Acc_10 - 0.9952 train_time - 967.7759


|2025-09-16 16:28:31| Dataset : water, Model : patch_extreme_memory_transformer, Density : 0.700, d_model : 128, reservoir : reservoir_stor_4001_sof24, Seq_Len : 360, Pred_Len : 72
|2025-09-16 16:28:31| MAE - 18.5382 MSE - 3815.7464 RMSE - 61.7717 MAPE - 0.0145 NMAE - 0.0171 NRMSE - 0.0541 Acc_10 - 0.9685 train_time - 502.7963
|2025-09-16 16:42:29| Dataset : water, Model : patch_extreme_memory_transformer, Density : 0.700, d_model : 128, reservoir : reservoir_stor_4005_sof24, Seq_Len : 360, Pred_Len : 72
|2025-09-16 16:42:29| MAE - 150.2237 MSE - 272498.1672 RMSE - 522.0136 MAPE - 0.0110 NMAE - 0.0142 NRMSE - 0.0473 Acc_10 - 0.9760 train_time - 419.1039
|2025-09-16 16:50:36| Dataset : water, Model : patch_extreme_memory_transformer, Density : 0.700, d_model : 128, reservoir : reservoir_stor_4007_sof24, Seq_Len : 360, Pred_Len : 72
|2025-09-16 16:50:36| MAE - 202.7721 MSE - 857558.0012 RMSE - 926.0443 MAPE - 0.0163 NMAE - 0.0187 NRMSE - 0.0771 Acc_10 - 0.9678 train_time - 77.8180
|2025-09-16 16:57:37| Dataset : water, Model : patch_extreme_memory_transformer, Density : 0.700, d_model : 128, reservoir : reservoir_stor_4009_sof24, Seq_Len : 360, Pred_Len : 72
|2025-09-16 16:57:37| MAE - 23.3683 MSE - 8107.0189 RMSE - 90.0390 MAPE - 0.0121 NMAE - 0.0137 NRMSE - 0.0459 Acc_10 - 0.9759 train_time - 10.0285
|2025-09-16 17:15:05| Dataset : water, Model : patch_extreme_memory_transformer, Density : 0.700, d_model : 128, reservoir : reservoir_stor_4011_sof24, Seq_Len : 360, Pred_Len : 72
|2025-09-16 17:15:05| MAE - 9.0410 MSE - 430.0478 RMSE - 20.7376 MAPE - 0.0203 NMAE - 0.0197 NRMSE - 0.0451 Acc_10 - 0.9481 train_time - 625.5668
