|2025-09-08 22:15:45| Dataset : water, Model : mlp_test, Density : 0.700, d_model : 64, Rank : 32, Seq_Len : 96, Pred_Len : 96
|2025-09-08 22:15:45| MAE - 18.5615 MSE - 4806.9542 RMSE - 69.3322 MAPE - 0.0189 NMAE - 0.0202 NRMSE - 0.0696 Acc_10 - 0.9598 train_time - 69.0567
|2026-05-22 22:42:06| Dataset : water, batchsize : 8, Model : extreme_lstm_memo, d_model : 8, epochs : 2, patience : 40, dropout : 0.3, Seq_Len : 96, Pred_Len : 96, Enc_In : 144, Out_Dim : 144
|2026-05-22 22:42:06| MAE - 0.0013 MSE - 0.0000 RMSE - 0.0023 MAPE - 335.2552 COS - 0.9316 ECR_q90 - 0.6639 Tail_MAE - 0.0027 Tail_RMSE - 0.0050 Tail_MAPE - 860.7623 Tail_q90 - 0.0104 Tail_count - 693264.0000 Raw_q90 - 0.0091 Raw_q99 - 0.0288 ECR_eps_base - 0.0039 ECR_alpha - 0.2000 ECR_rho - 0.0200 ECR_q99 - 0.3720 ECR_count_q90 - 698150.0000 ECR_count_q99 - 69856.0000 NMAE - 0.3450 NRMSE - 0.3449 Acc_10 - 0.1405 train_time - 65.2549
|2026-05-22 22:52:22| Dataset : water, batchsize : 64, Model : extreme_lstm_memo, d_model : 64, epochs : 200, patience : 40, dropout : 0.3, Seq_Len : 96, Pred_Len : 96, Enc_In : 144, Out_Dim : 144
|2026-05-22 22:52:22| MAE - 0.0010 MSE - 0.0000 RMSE - 0.0022 MAPE - 13.2129 COS - 0.9432 ECR_q90 - 0.6735 Tail_MAE - 0.0025 Tail_RMSE - 0.0050 Tail_MAPE - 21.0644 Tail_q90 - 0.0104 Tail_count - 693264.0000 Raw_q90 - 0.0091 Raw_q99 - 0.0288 ECR_eps_base - 0.0039 ECR_alpha - 0.2000 ECR_rho - 0.0200 ECR_q99 - 0.3925 ECR_count_q90 - 698150.0000 ECR_count_q99 - 69856.0000 NMAE - 0.2730 NRMSE - 0.3240 Acc_10 - 0.1967 train_time - 160.8189
|2026-05-23 17:04:25| Dataset : water, batchsize : 64, Model : extreme_lstm_memo, d_model : 64, epochs : 200, patience : 40, dropout : 0.3, Seq_Len : 96, Pred_Len : 1, Enc_In : 144, Out_Dim : 144
|2026-05-23 17:04:25| MAE - 0.0004 MSE - 0.0000 RMSE - 0.0010 MAPE - 3.9638 COS - 0.9855 ECR_q90 - 0.9404 Tail_MAE - 0.0009 Tail_RMSE - 0.0022 Tail_MAPE - 9.3262 Tail_q90 - 0.0103 Tail_count - 8580.0000 Raw_q90 - 0.0090 Raw_q99 - 0.0285 ECR_eps_base - 0.0039 ECR_alpha - 0.2000 ECR_rho - 0.0200 ECR_q99 - 0.8345 ECR_count_q90 - 8640.0000 ECR_count_q99 - 864.0000 NMAE - 0.1017 NRMSE - 0.1494 Acc_10 - 0.5128 train_time - 66.5975
|2026-05-24 14:02:19| Dataset : water, batchsize : 64, Model : mcann, d_model : 64, epochs : 200, patience : 40, Seq_Len : 360, Pred_Len : 96, Enc_In : 144
|2026-05-24 14:02:19| MAE - 0.0010 MSE - 0.0000 RMSE - 0.0022 MAPE - 25.2924 COS - 0.9389 ECR_q90 - 0.6703 Tail_MAE - 0.0026 Tail_RMSE - 0.0051 Tail_MAPE - 47.8315 Tail_q90 - 0.0104 Tail_count - 693264.0000 Raw_q90 - 0.0091 Raw_q99 - 0.0288 ECR_eps_base - 0.0039 ECR_alpha - 0.2000 ECR_rho - 0.0200 ECR_q99 - 0.3872 ECR_count_q90 - 698150.0000 ECR_count_q99 - 69856.0000 NMAE - 0.2791 NRMSE - 0.3318 Acc_10 - 0.1955 train_time - 312.5172
|2026-05-24 14:47:46| Dataset : water, batchsize : 64, Model : mcann, d_model : 64, epochs : 200, patience : 40, Seq_Len : 360, Pred_Len : 96, Enc_In : 144
|2026-05-24 14:47:46| MAE - 0.0010 MSE - 0.0000 RMSE - 0.0022 MAPE - 25.2924 COS - 0.9389 ECR_q90 - 0.6546 Tail_MAE - 0.0012 Tail_RMSE - 0.0025 Tail_MAPE - 8.6986 Tail_q90 - 0.0008 Tail_count - 5098339.0000 Raw_q90 - 0.0079 Raw_q99 - 0.0247 ECR_eps_base - 0.0034 ECR_alpha - 0.2000 ECR_rho - 0.0200 ECR_q99 - 0.3810 ECR_count_q90 - 867338.0000 ECR_count_q99 - 109807.0000 NMAE - 0.2791 NRMSE - 0.3318 Acc_10 - 0.1955 train_time - 349.8605
|2026-05-24 15:19:02| Dataset : water, batchsize : 64, Model : extreme_lstm_memo, d_model : 64, epochs : 200, patience : 40, Seq_Len : 360, Pred_Len : 96, Enc_In : 144, Out_Dim : 144
|2026-05-24 15:19:02| MAE - 0.0011 MSE - 0.0000 RMSE - 0.0023 MAPE - 107.2559 COS - 0.9404 ECR_q90 - 0.6265 Tail_MAE - 0.0013 Tail_RMSE - 0.0026 Tail_MAPE - 37.5521 Tail_q90 - 0.0008 Tail_count - 5098339.0000 Raw_q90 - 0.0079 Raw_q99 - 0.0247 ECR_eps_base - 0.0034 ECR_alpha - 0.2000 ECR_rho - 0.0200 ECR_q99 - 0.3823 ECR_count_q90 - 867338.0000 ECR_count_q99 - 109807.0000 NMAE - 0.3061 NRMSE - 0.3384 Acc_10 - 0.1620 train_time - 96.7904
|2026-05-24 15:25:37| Dataset : water, batchsize : 64, Model : extreme_lstm_memo, d_model : 64, epochs : 200, patience : 40, Seq_Len : 360, Pred_Len : 96, Enc_In : 144, Out_Dim : 144
|2026-05-24 15:25:37| MAE - 0.0011 MSE - 0.0000 RMSE - 0.0023 MAPE - 107.2559 COS - 0.9404 ECR_q90 - 0.6265 Tail_MAE - 0.0013 Tail_RMSE - 0.0026 Tail_MAPE - 37.5521 Tail_q90 - 0.0008 Tail_count - 5098339.0000 Raw_q90 - 0.0079 Raw_q99 - 0.0247 ECR_eps_base - 0.0034 ECR_alpha - 0.2000 ECR_rho - 0.0200 ECR_q99 - 0.3823 ECR_count_q90 - 867338.0000 ECR_count_q99 - 109807.0000 NMAE - 0.3061 NRMSE - 0.3384 Acc_10 - 0.1620 train_time - 99.5647


|2026-05-24 15:49:35| Dataset : water, batchsize : 64, Model : extreme_lstm_memo, d_model : 64, epochs : 200, patience : 40, Seq_Len : 360, Pred_Len : 96, Enc_In : 144, Out_Dim : 144
|2026-05-24 15:49:35| MAE - 0.0011 MSE - 0.0000 RMSE - 0.0023 MAPE - 89.3247 COS - 0.9411 ECR_q90 - 0.6336 Tail_MAE - 0.0013 Tail_RMSE - 0.0026 Tail_MAPE - 32.2622 Tail_q90 - 0.0008 Tail_count - 5098339.0000 Raw_q90 - 0.0079 Raw_q99 - 0.0247 ECR_eps_base - 0.0034 ECR_alpha - 0.2000 ECR_rho - 0.0200 ECR_q99 - 0.3835 ECR_count_q90 - 867338.0000 ECR_count_q99 - 109807.0000 NMAE - 0.3000 NRMSE - 0.3353 Acc_10 - 0.1676 train_time - 103.9921
|2026-05-24 17:18:50| Dataset : water, batchsize : 64, Model : mcann, d_model : 64, epochs : 200, patience : 40, Seq_Len : 360, Pred_Len : 96, Enc_In : 144
|2026-05-24 17:18:50| MAE - 0.0010 MSE - 0.0000 RMSE - 0.0022 MAPE - 27.9717 COS - 0.9389 ECR_q90 - 0.6546 Tail_MAE - 0.0012 Tail_RMSE - 0.0025 Tail_MAPE - 9.6073 Tail_q90 - 0.0008 Tail_count - 5098339.0000 Raw_q90 - 0.0079 Raw_q99 - 0.0247 ECR_eps_base - 0.0034 ECR_alpha - 0.2000 ECR_rho - 0.0200 ECR_q99 - 0.3810 ECR_count_q90 - 867338.0000 ECR_count_q99 - 109807.0000 NMAE - 0.2792 NRMSE - 0.3318 Acc_10 - 0.1951 train_time - 379.7637
