Start Abilene PL5
Abilene PL5: 100/596
Abilene PL5: 200/596
Abilene PL5: 300/596
Abilene PL5: 400/596
Abilene PL5: 500/596
Abilene PL5: 596/596
Start Abilene PL10
Abilene PL10: 100/591
Abilene PL10: 200/591
Abilene PL10: 300/591
Abilene PL10: 400/591
Abilene PL10: 500/591
Abilene PL10: 591/591
Start Abilene PL15
Abilene PL15: 100/586
Abilene PL15: 200/586
Abilene PL15: 300/586
Abilene PL15: 400/586
Abilene PL15: 500/586
Abilene PL15: 586/586
Start Abilene PL20
Abilene PL20: 100/581
Abilene PL20: 200/581
Abilene PL20: 300/581
Abilene PL20: 400/581
Abilene PL20: 500/581
Abilene PL20: 581/581
Start Geant PL5
Geant PL5: 100/596
Geant PL5: 200/596
Geant PL5: 300/596
Geant PL5: 400/596
Geant PL5: 500/596
Geant PL5: 596/596
Start Geant PL10
Geant PL10: 100/591
Geant PL10: 200/591
Geant PL10: 300/591
Geant PL10: 400/591
Geant PL10: 500/591
Geant PL10: 591/591
Start Geant PL15
Geant PL15: 100/586
Geant PL15: 200/586
Geant PL15: 300/586
Geant PL15: 400/586
Geant PL15: 500/586
Geant PL15: 586/586
Start Geant PL20
Geant PL20: 100/581
Geant PL20: 200/581
Geant PL20: 300/581
Geant PL20: 400/581
Geant PL20: 500/581
Geant PL20: 581/581
Start Seattle PL5
Seattle PL5: 100/135
Seattle PL5: 135/135
Start Seattle PL10
Seattle PL10: 100/130
Seattle PL10: 130/130
Start Seattle PL15
Seattle PL15: 100/125
Seattle PL15: 125/125
Start Seattle PL20
Seattle PL20: 100/120
Seattle PL20: 120/120
Saved master index: PredictionPlot\all_window_id_figures\all_window_id_figure_index.csv
Saved match table: PredictionPlot\all_window_id_figures\all_window_id_matches.csv
